// Jest Snapshot v1, https://goo.gl/fbAQLP

exports[`render event renders event 1`] = `
<div
  className="event row"
>
  <div
    className="event-date col-sm-2"
  >
    <h4>
      6
    </h4>
    <h4>
      OUTUBRO
    </h4>
    <h4>
      2018
    </h4>
  </div>
  <div
    className="event-info col-sm-10"
  >
    <a
      href="/event/1"
      onClick={[Function]}
    >
      <p
        className="event-title"
      >
        Title
      </p>
    </a>
    <p>
      FEUP
    </p>
    <div
      className="event-buttons"
    >
      <button
        className="btn btn-default"
        disabled={false}
        type="button"
      />
      <button
        className="delete-button btn btn-default"
        disabled={false}
        onClick={[Function]}
        type="button"
      />
    </div>
  </div>
</div>
`;

exports[`renders elements 1`] = `
<nav
  className="navbar navbar-default"
  id="navbar-custom"
>
  <div
    className="container"
  >
    <a
      aria-current={null}
      className="navbar-brand navbar-brand"
      href="/events"
      onClick={[Function]}
    >
      <img
        className=""
        id="logo"
        src="/logo.png"
      />
    </a>
    <div
      aria-expanded={null}
      className="navbar-collapse collapse"
      id="responsive-navbar-nav"
    >
      <ul
        className="nav navbar-nav"
        role={null}
      />
      <ul
        className="nav navbar-nav"
        role={null}
      />
    </div>
  </div>
</nav>
`;

exports[`renders elements 2`] = `null`;

exports[`renders elements 3`] = `null`;
